// Jest Snapshot v1, https://goo.gl/fbAQLP

exports[`ParsePath test parse 1`] = `
Object {
  "base": "file",
  "dir": "/path",
  "ext": "",
  "name": "file",
  "root": "/",
}
`;
